Archive member included to satisfy reference by file (symbol)

d:/eclipse_for_s_link/toolchain/gcc/bin/../lib/gcc/riscv-none-embed/8.2.0/rv32emac/ilp32e\libgcc.a(muldf3.o)
                              ./FDV32S302/stubs/printf.o (__muldf3)
d:/eclipse_for_s_link/toolchain/gcc/bin/../lib/gcc/riscv-none-embed/8.2.0/rv32emac/ilp32e\libgcc.a(fixunsdfsi.o)
                              ./FDV32S302/stubs/printf.o (__fixunsdfsi)
d:/eclipse_for_s_link/toolchain/gcc/bin/../lib/gcc/riscv-none-embed/8.2.0/rv32emac/ilp32e\libgcc.a(_clzsi2.o)
                              d:/eclipse_for_s_link/toolchain/gcc/bin/../lib/gcc/riscv-none-embed/8.2.0/rv32emac/ilp32e\libgcc.a(muldf3.o) (__clzsi2)
d:/eclipse_for_s_link/toolchain/gcc/bin/../lib/gcc/riscv-none-embed/8.2.0/rv32emac/ilp32e\libgcc.a(_clz.o)
                              d:/eclipse_for_s_link/toolchain/gcc/bin/../lib/gcc/riscv-none-embed/8.2.0/rv32emac/ilp32e\libgcc.a(_clzsi2.o) (__clz_tab)
d:/eclipse_for_s_link/toolchain/gcc/bin/../lib/gcc/riscv-none-embed/8.2.0/../../../../riscv-none-embed/lib/rv32emac/ilp32e\libg_nano.a(lib_a-exit.o)
                              ./FDV32S302/env/start.o (exit)
d:/eclipse_for_s_link/toolchain/gcc/bin/../lib/gcc/riscv-none-embed/8.2.0/../../../../riscv-none-embed/lib/rv32emac/ilp32e\libg_nano.a(lib_a-impure.o)
                              d:/eclipse_for_s_link/toolchain/gcc/bin/../lib/gcc/riscv-none-embed/8.2.0/../../../../riscv-none-embed/lib/rv32emac/ilp32e\libg_nano.a(lib_a-exit.o) (_global_impure_ptr)
d:/eclipse_for_s_link/toolchain/gcc/bin/../lib/gcc/riscv-none-embed/8.2.0/../../../../riscv-none-embed/lib/rv32emac/ilp32e\libg_nano.a(lib_a-memcpy.o)
                              ./src/mcuboot/mcuboot.o (memcpy)
d:/eclipse_for_s_link/toolchain/gcc/bin/../lib/gcc/riscv-none-embed/8.2.0/../../../../riscv-none-embed/lib/rv32emac/ilp32e\libg_nano.a(lib_a-memset.o)
                              ./src/kptl/kptl.o (memset)
d:/eclipse_for_s_link/toolchain/gcc/bin/../lib/gcc/riscv-none-embed/8.2.0/../../../../riscv-none-embed/lib/rv32emac/ilp32e\libg_nano.a(lib_a-strlen.o)
                              ./FDV32S302/stubs/write.o (strlen)
d:/eclipse_for_s_link/toolchain/gcc/bin/../lib/gcc/riscv-none-embed/8.2.0/../../../../riscv-none-embed/lib/rv32emac/ilp32e\libg_nano.a(lib_a-strnlen.o)
                              ./FDV32S302/stubs/printf.o (strnlen)
d:/eclipse_for_s_link/toolchain/gcc/bin/../lib/gcc/riscv-none-embed/8.2.0/../../../../riscv-none-embed/lib/rv32emac/ilp32e\libg_nano.a(lib_a-sysisatty.o)
                              ./FDV32S302/stubs/fstat.o (isatty)
d:/eclipse_for_s_link/toolchain/gcc/bin/../lib/gcc/riscv-none-embed/8.2.0/../../../../riscv-none-embed/lib/rv32emac/ilp32e\libg_nano.a(lib_a-syswrite.o)
                              ./FDV32S302/stubs/printf.o (write)
d:/eclipse_for_s_link/toolchain/gcc/bin/../lib/gcc/riscv-none-embed/8.2.0/../../../../riscv-none-embed/lib/rv32emac/ilp32e\libg_nano.a(lib_a-writer.o)
                              d:/eclipse_for_s_link/toolchain/gcc/bin/../lib/gcc/riscv-none-embed/8.2.0/../../../../riscv-none-embed/lib/rv32emac/ilp32e\libg_nano.a(lib_a-syswrite.o) (_write_r)
d:/eclipse_for_s_link/toolchain/gcc/bin/../lib/gcc/riscv-none-embed/8.2.0/../../../../riscv-none-embed/lib/rv32emac/ilp32e\libg_nano.a(lib_a-reent.o)
                              d:/eclipse_for_s_link/toolchain/gcc/bin/../lib/gcc/riscv-none-embed/8.2.0/../../../../riscv-none-embed/lib/rv32emac/ilp32e\libg_nano.a(lib_a-writer.o) (errno)
d:/eclipse_for_s_link/toolchain/gcc/bin/../lib/gcc/riscv-none-embed/8.2.0/../../../../riscv-none-embed/lib/rv32emac/ilp32e\libg_nano.a(lib_a-nano-freer.o)
                              d:/eclipse_for_s_link/toolchain/gcc/bin/../lib/gcc/riscv-none-embed/8.2.0/../../../../riscv-none-embed/lib/rv32emac/ilp32e\libg_nano.a(lib_a-reent.o) (_free_r)
d:/eclipse_for_s_link/toolchain/gcc/bin/../lib/gcc/riscv-none-embed/8.2.0/../../../../riscv-none-embed/lib/rv32emac/ilp32e\libg_nano.a(lib_a-nano-mallocr.o)
                              d:/eclipse_for_s_link/toolchain/gcc/bin/../lib/gcc/riscv-none-embed/8.2.0/../../../../riscv-none-embed/lib/rv32emac/ilp32e\libg_nano.a(lib_a-nano-freer.o) (__malloc_free_list)
d:/eclipse_for_s_link/toolchain/gcc/bin/../lib/gcc/riscv-none-embed/8.2.0/../../../../riscv-none-embed/lib/rv32emac/ilp32e\libg_nano.a(lib_a-sbrkr.o)
                              d:/eclipse_for_s_link/toolchain/gcc/bin/../lib/gcc/riscv-none-embed/8.2.0/../../../../riscv-none-embed/lib/rv32emac/ilp32e\libg_nano.a(lib_a-nano-mallocr.o) (_sbrk_r)
d:/eclipse_for_s_link/toolchain/gcc/bin/../lib/gcc/riscv-none-embed/8.2.0/../../../../riscv-none-embed/lib/rv32emac/ilp32e\libg_nano.a(lib_a-mlock.o)
                              d:/eclipse_for_s_link/toolchain/gcc/bin/../lib/gcc/riscv-none-embed/8.2.0/../../../../riscv-none-embed/lib/rv32emac/ilp32e\libg_nano.a(lib_a-nano-freer.o) (__malloc_lock)

Allocating common symbols
Common symbol       size              file

[...]
Memory Configuration

Name             Origin             Length             Attributes
flash            0x0000000010100000 0x0000000000008000 axrl !w
ram              0x0000000020000000 0x0000000000001000 axw !rl
*default*        0x0000000000000000 0xffffffffffffffff

Linker script and memory map

LOAD ./src/mcuboot/mcuboot.o
LOAD ./src/kptl/kptl.o
LOAD ./src/main.o
LOAD ./FDV32S302/stubs/_exit.o
LOAD ./FDV32S302/stubs/close.o
LOAD ./FDV32S302/stubs/fstat.o
LOAD ./FDV32S302/stubs/isatty.o
LOAD ./FDV32S302/stubs/lseek.o
LOAD ./FDV32S302/stubs/printf.o
LOAD ./FDV32S302/stubs/read.o
LOAD ./FDV32S302/stubs/sbrk.o
LOAD ./FDV32S302/stubs/write.o
LOAD ./FDV32S302/stubs/write_hex.o
LOAD ./FDV32S302/env/entry.o
LOAD ./FDV32S302/env/init.o
LOAD ./FDV32S302/env/start.o
LOAD ./FDV32S302/env/system_phnx04.o
LOAD ./FDV32S302/drivers/anac.o
LOAD ./FDV32S302/drivers/efc.o
LOAD ./FDV32S302/drivers/iom.o
LOAD ./FDV32S302/drivers/lptimer.o
LOAD ./FDV32S302/drivers/spi.o
LOAD ./FDV32S302/drivers/sysc.o
LOAD ./FDV32S302/drivers/timer.o
LOAD ./FDV32S302/drivers/twc.o
LOAD ./FDV32S302/drivers/uart.o
LOAD ./FDV32S302/drivers/wdt.o
LOAD d:/eclipse_for_s_link/toolchain/gcc/bin/../lib/gcc/riscv-none-embed/8.2.0/rv32emac/ilp32e\libgcc.a
LOAD d:/eclipse_for_s_link/toolchain/gcc/bin/../lib/gcc/riscv-none-embed/8.2.0/../../../../riscv-none-embed/lib/rv32emac/ilp32e\libg_nano.a
LOAD d:/eclipse_for_s_link/toolchain/gcc/bin/../lib/gcc/riscv-none-embed/8.2.0/../../../../riscv-none-embed/lib/rv32emac/ilp32e\libc_nano.a
LOAD d:/eclipse_for_s_link/toolchain/gcc/bin/../lib/gcc/riscv-none-embed/8.2.0/rv32emac/ilp32e\libgcc.a
START GROUP
LOAD d:/eclipse_for_s_link/toolchain/gcc/bin/../lib/gcc/riscv-none-embed/8.2.0/rv32emac/ilp32e\libgcc.a
LOAD d:/eclipse_for_s_link/toolchain/gcc/bin/../lib/gcc/riscv-none-embed/8.2.0/../../../../riscv-none-embed/lib/rv32emac/ilp32e\libc_nano.a
END GROUP
                0x0000000000000400                __stack_size = DEFINED (__stack_size)?__stack_size:0x400

.init           0x0000000010100000       0x5e
 *(SORT_NONE(.init))
 .init          0x0000000010100000       0x5e ./FDV32S302/env/start.o
                0x0000000010100000                _start

.ilalign        0x000000001010005e        0x2
                0x0000000010100060                . = ALIGN (0x4)
 *fill*         0x000000001010005e        0x2 
                [!provide]                        PROVIDE (_flash_lma = .)

.ialign         0x0000000010100060        0x0
                [!provide]                        PROVIDE (_flash = .)

.text           0x0000000010100060      0xe68
 *(.text.unlikely .text.unlikely.*)
 *(.text.startup .text.startup.*)
 .text.startup.main
                0x0000000010100060      0x124 ./src/main.o
                0x0000000010100060                main
 *(.text .text.*)
 .text.dec_cb   0x0000000010100184        0x8 ./src/mcuboot/mcuboot.o
 .text.mcuboot_is_connected
                0x000000001010018c        0x6 ./src/mcuboot/mcuboot.o
                0x000000001010018c                mcuboot_is_connected
 .text.mcuboot_proc
                0x0000000010100192      0x34a ./src/mcuboot/mcuboot.o
                0x0000000010100192                mcuboot_proc
 .text.mcuboot_recv
                0x00000000101004dc       0x30 ./src/mcuboot/mcuboot.o
                0x00000000101004dc                mcuboot_recv
 .text.mcuboot_init
                0x000000001010050c       0x32 ./src/mcuboot/mcuboot.o
                0x000000001010050c                mcuboot_init
 .text.crc16_update
                0x000000001010053e       0x3e ./src/kptl/kptl.o
                0x000000001010053e                crc16_update
 .text.kptl_create_ack
                0x000000001010057c       0x12 ./src/kptl/kptl.o
                0x000000001010057c                kptl_create_ack
 .text.kptl_create_ping_resp_packet
                0x000000001010058e       0x58 ./src/kptl/kptl.o
                0x000000001010058e                kptl_create_ping_resp_packet
 .text.kptl_frame_packet_begin
                0x00000000101005e6       0x34 ./src/kptl/kptl.o
                0x00000000101005e6                kptl_frame_packet_begin
 .text.kptl_frame_packet_add
                0x000000001010061a       0x4c ./src/kptl/kptl.o
                0x000000001010061a                kptl_frame_packet_add
 .text.kptl_frame_packet_final
                0x0000000010100666       0x50 ./src/kptl/kptl.o
                0x0000000010100666                kptl_frame_packet_final
 .text.kptl_create_cmd_packet
                0x00000000101006b6       0x46 ./src/kptl/kptl.o
                0x00000000101006b6                kptl_create_cmd_packet
 .text.kptl_create_generic_resp_packet
                0x00000000101006fc       0x20 ./src/kptl/kptl.o
                0x00000000101006fc                kptl_create_generic_resp_packet
 .text.kptl_create_property_resp_packet
                0x000000001010071c       0x20 ./src/kptl/kptl.o
                0x000000001010071c                kptl_create_property_resp_packet
 .text.kptl_frame_packet_get_size
                0x000000001010073c       0x10 ./src/kptl/kptl.o
                0x000000001010073c                kptl_frame_packet_get_size
 .text.kptl_decode_init
                0x000000001010074c       0x24 ./src/kptl/kptl.o
                0x000000001010074c                kptl_decode_init
 .text.kptl_decode
                0x0000000010100770      0x19a ./src/kptl/kptl.o
                0x0000000010100770                kptl_decode
 .text.mcuboot_send
                0x000000001010090a       0x24 ./src/main.o
 .text.mcuboot_complete
                0x000000001010092e        0x2 ./src/main.o
 .text.Jump_to_APP
                0x0000000010100930       0x52 ./src/main.o
 .text.mcuboot_jump
                0x0000000010100982       0x10 ./src/main.o
 .text.memory_read
                0x0000000010100992       0x14 ./src/main.o
                0x0000000010100992                memory_read
 .text.memory_write
                0x00000000101009a6       0x3c ./src/main.o
 .text.memory_erase
                0x00000000101009e2       0x2e ./src/main.o
 .text.TIM_ClkInit
                0x0000000010100a10       0x4e ./src/main.o
                0x0000000010100a10                TIM_ClkInit
 .text.Delay_Nus
                0x0000000010100a5e       0x1a ./src/main.o
                0x0000000010100a5e                Delay_Nus
 .text.mcuboot_reset
                0x0000000010100a78       0x2e ./src/main.o
 .text.UART_HalInit
                0x0000000010100aa6       0x4a ./src/main.o
                0x0000000010100aa6                UART_HalInit
 .text.FLASH_HalInit
                0x0000000010100af0       0x46 ./src/main.o
                0x0000000010100af0                FLASH_HalInit
 .text.TIMER2_IrqHandler
                0x0000000010100b36       0x74 ./src/main.o
                0x0000000010100b36                TIMER2_IrqHandler
 .text._exit    0x0000000010100baa        0x2 ./FDV32S302/stubs/_exit.o
                0x0000000010100baa                _exit
 *fill*         0x0000000010100bac        0x0 
 .text.entry    0x0000000010100bac       0x40 ./FDV32S302/env/entry.o
                0x0000000010100bac                trap_entry
 .text.handle_trap
                0x0000000010100bec       0x40 ./FDV32S302/env/init.o
                0x0000000010100bec                handle_trap
 .text.SystemInit
                0x0000000010100c2c       0x72 ./FDV32S302/env/system_phnx04.o
                0x0000000010100c2c                SystemInit
 .text.EFC_GetEFCStatus
                0x0000000010100c9e       0x16 ./FDV32S302/drivers/efc.o
                0x0000000010100c9e                EFC_GetEFCStatus
 .text.EFC_SingleProgram
                0x0000000010100cb4       0x3e ./FDV32S302/drivers/efc.o
                0x0000000010100cb4                EFC_SingleProgram
 .text.EFC_PageErase
                0x0000000010100cf2       0x26 ./FDV32S302/drivers/efc.o
                0x0000000010100cf2                EFC_PageErase
 .text.exit     0x0000000010100d18       0x30 d:/eclipse_for_s_link/toolchain/gcc/bin/../lib/gcc/riscv-none-embed/8.2.0/../../../../riscv-none-embed/lib/rv32emac/ilp32e\libg_nano.a(lib_a-exit.o)
                0x0000000010100d18                exit
 .text.memcpy   0x0000000010100d48       0xd8 d:/eclipse_for_s_link/toolchain/gcc/bin/../lib/gcc/riscv-none-embed/8.2.0/../../../../riscv-none-embed/lib/rv32emac/ilp32e\libg_nano.a(lib_a-memcpy.o)
                0x0000000010100d48                memcpy
 .text          0x0000000010100e20       0xa8 d:/eclipse_for_s_link/toolchain/gcc/bin/../lib/gcc/riscv-none-embed/8.2.0/../../../../riscv-none-embed/lib/rv32emac/ilp32e\libg_nano.a(lib_a-memset.o)
                0x0000000010100e20                memset
 *(.gnu.linkonce.t.*)

.rdata          0x0000000010100ec8       0x68
 *(.rdata)
 *(.rodata .rodata.*)
 .rodata.mcuboot_proc
                0x0000000010100ec8       0x30 ./src/mcuboot/mcuboot.o
 .rodata.kptl_decode
                0x0000000010100ef8       0x38 ./src/kptl/kptl.o

.sdata2._global_impure_ptr
                0x0000000010100f30        0x4
 .sdata2._global_impure_ptr
                0x0000000010100f30        0x4 d:/eclipse_for_s_link/toolchain/gcc/bin/../lib/gcc/riscv-none-embed/8.2.0/../../../../riscv-none-embed/lib/rv32emac/ilp32e\libg_nano.a(lib_a-impure.o)
                0x0000000010100f30                _global_impure_ptr

.rela.dyn       0x0000000010100f34        0x0
 .rela.init     0x0000000010100f34        0x0 ./src/mcuboot/mcuboot.o
 .rela.text.exit
                0x0000000010100f34        0x0 ./src/mcuboot/mcuboot.o
 .rela.data.impure_data
                0x0000000010100f34        0x0 ./src/mcuboot/mcuboot.o

.fini
 *(SORT_NONE(.fini))
                0x0000000010100f34                . = ALIGN (0x4)
                [!provide]                        PROVIDE (__etext = .)
                [!provide]                        PROVIDE (_etext = .)
                [!provide]                        PROVIDE (etext = .)
                [!provide]                        PROVIDE (_eflash = .)

.preinit_array  0x0000000010100f34        0x0
                [!provide]                        PROVIDE (__preinit_array_start = .)
 *(.preinit_array)
                [!provide]                        PROVIDE (__preinit_array_end = .)

.init_array     0x0000000010100f34        0x0
                [!provide]                        PROVIDE (__init_array_start = .)
 *(SORT_BY_INIT_PRIORITY(.init_array.*) SORT_BY_INIT_PRIORITY(.ctors.*))
 *(.init_array EXCLUDE_FILE(*crtend?.o *crtend.o *crtbegin?.o *crtbegin.o) .ctors)
                [!provide]                        PROVIDE (__init_array_end = .)

.fini_array     0x0000000010100f34        0x0
                [!provide]                        PROVIDE (__fini_array_start = .)
 *(SORT_BY_INIT_PRIORITY(.fini_array.*) SORT_BY_INIT_PRIORITY(.dtors.*))
 *(.fini_array EXCLUDE_FILE(*crtend?.o *crtend.o *crtbegin?.o *crtbegin.o) .dtors)
                [!provide]                        PROVIDE (__fini_array_end = .)

.ctors
 *crtbegin.o(.ctors)
 *crtbegin?.o(.ctors)
 *(EXCLUDE_FILE(*crtend?.o *crtend.o) .ctors)
 *(SORT_BY_NAME(.ctors.*))
 *(.ctors)

.dtors
 *crtbegin.o(.dtors)
 *crtbegin?.o(.dtors)
 *(EXCLUDE_FILE(*crtend?.o *crtend.o) .dtors)
 *(SORT_BY_NAME(.dtors.*))
 *(.dtors)
                0x0000000010100f34                . = ALIGN (0x4)
                [!provide]                        PROVIDE (_eflash = .)

.lalign         0x0000000010100f34        0x0
                0x0000000010100f34                . = ALIGN (0x4)
                0x0000000010100f34                PROVIDE (_data_lma = .)

.dalign         0x0000000020000000        0x0 load address 0x0000000010100f34
                0x0000000020000000                . = ALIGN (0x4)
                0x0000000020000000                PROVIDE (_data = .)

.data           0x0000000020000000       0x68 load address 0x0000000010100f34
 *(sram)
 *(.gnu.linkonce.r.*)
 *(.data .data.*)
 .data.impure_data
                0x0000000020000000       0x60 d:/eclipse_for_s_link/toolchain/gcc/bin/../lib/gcc/riscv-none-embed/8.2.0/../../../../riscv-none-embed/lib/rv32emac/ilp32e\libg_nano.a(lib_a-impure.o)
 *(.gnu.linkonce.d.*)
                0x0000000020000060                . = ALIGN (0x8)
                0x0000000020000460                PROVIDE (__global_pointer$ = (. + 0x400))
 *(.sdata .sdata.*)
 .sdata.UARTx   0x0000000020000060        0x4 ./src/main.o
                0x0000000020000060                UARTx
 *(.gnu.linkonce.s.*)
                0x0000000020000068                . = ALIGN (0x8)
 *fill*         0x0000000020000064        0x4 
 *(.srodata.cst16)
 *(.srodata.cst8)
 *(.srodata.cst4)
 *(.srodata.cst2)
 *(.srodata .srodata.*)
                0x0000000020000068                . = ALIGN (0x4)
                0x0000000020000068                PROVIDE (_edata = .)
                [!provide]                        PROVIDE (edata = .)
                [!provide]                        PROVIDE (_fbss = .)
                0x0000000020000068                PROVIDE (__bss_start = .)

.bss            0x0000000020000068       0xfc
 *(.sbss*)
 .sbss.evt      0x0000000020000068        0x4 ./src/mcuboot/mcuboot.o
 .sbss.timeout.3873
                0x000000002000006c        0x4 ./src/main.o
 .sbss.timeout_jump
                0x0000000020000070        0x1 ./src/main.o
 *(.gnu.linkonce.sb.*)
 *(.bss .bss.*)
 *fill*         0x0000000020000071        0x3 
 .bss.mcuboot   0x0000000020000074       0xf0 ./src/main.o
 *(.gnu.linkonce.b.*)
 *(COMMON)
                0x0000000020000164                . = ALIGN (0x4)
                0x0000000020000168                . = ALIGN (0x8)
                0x0000000020000168                PROVIDE (_end = .)
                [!provide]                        PROVIDE (end = .)

.stack          0x0000000020000c00      0x400
                0x0000000020000c00                PROVIDE (_heap_end = .)
                0x0000000000000400                . = __stack_size
 *fill*         0x0000000020000c00      0x400 
                0x0000000020001000                PROVIDE (_sp = .)
OUTPUT(fdv32s302_bl.elf elf32-littleriscv)

.debug_info     0x0000000000000000     0x5400
 .debug_info    0x0000000000000000     0x13cd ./src/mcuboot/mcuboot.o
 .debug_info    0x00000000000013cd     0x131b ./src/kptl/kptl.o
 .debug_info    0x00000000000026e8     0x14a5 ./src/main.o
 .debug_info    0x0000000000003b8d      0xa01 ./FDV32S302/stubs/_exit.o
 .debug_info    0x000000000000458e       0x26 ./FDV32S302/env/entry.o
 .debug_info    0x00000000000045b4      0x1af ./FDV32S302/env/init.o
 .debug_info    0x0000000000004763       0x26 ./FDV32S302/env/start.o
 .debug_info    0x0000000000004789      0x6ed ./FDV32S302/env/system_phnx04.o
 .debug_info    0x0000000000004e76      0x58a ./FDV32S302/drivers/efc.o

.debug_abbrev   0x0000000000000000     0x11b4
 .debug_abbrev  0x0000000000000000      0x3c1 ./src/mcuboot/mcuboot.o
 .debug_abbrev  0x00000000000003c1      0x2fa ./src/kptl/kptl.o
 .debug_abbrev  0x00000000000006bb      0x485 ./src/main.o
 .debug_abbrev  0x0000000000000b40      0x1eb ./FDV32S302/stubs/_exit.o
 .debug_abbrev  0x0000000000000d2b       0x14 ./FDV32S302/env/entry.o
 .debug_abbrev  0x0000000000000d3f       0xdd ./FDV32S302/env/init.o
 .debug_abbrev  0x0000000000000e1c       0x14 ./FDV32S302/env/start.o
 .debug_abbrev  0x0000000000000e30      0x12c ./FDV32S302/env/system_phnx04.o
 .debug_abbrev  0x0000000000000f5c      0x258 ./FDV32S302/drivers/efc.o

.debug_loc      0x0000000000000000     0x116a
 .debug_loc     0x0000000000000000      0x333 ./src/mcuboot/mcuboot.o
 .debug_loc     0x0000000000000333      0x70e ./src/kptl/kptl.o
 .debug_loc     0x0000000000000a41      0x365 ./src/main.o
 .debug_loc     0x0000000000000da6       0x72 ./FDV32S302/env/init.o
 .debug_loc     0x0000000000000e18       0x96 ./FDV32S302/env/system_phnx04.o
 .debug_loc     0x0000000000000eae      0x2bc ./FDV32S302/drivers/efc.o

.debug_aranges  0x0000000000000000      0x290
 .debug_aranges
                0x0000000000000000       0x40 ./src/mcuboot/mcuboot.o
 .debug_aranges
                0x0000000000000040       0x90 ./src/kptl/kptl.o
 .debug_aranges
                0x00000000000000d0       0x90 ./src/main.o
 .debug_aranges
                0x0000000000000160       0x20 ./FDV32S302/stubs/_exit.o
 .debug_aranges
                0x0000000000000180       0x20 ./FDV32S302/env/entry.o
 .debug_aranges
                0x00000000000001a0       0x28 ./FDV32S302/env/init.o
 .debug_aranges
                0x00000000000001c8       0x20 ./FDV32S302/env/start.o
 .debug_aranges
                0x00000000000001e8       0x28 ./FDV32S302/env/system_phnx04.o
 .debug_aranges
                0x0000000000000210       0x80 ./FDV32S302/drivers/efc.o

.debug_ranges   0x0000000000000000      0x2a0
 .debug_ranges  0x0000000000000000       0xb8 ./src/mcuboot/mcuboot.o
 .debug_ranges  0x00000000000000b8       0x80 ./src/kptl/kptl.o
 .debug_ranges  0x0000000000000138       0xb8 ./src/main.o
 .debug_ranges  0x00000000000001f0       0x10 ./FDV32S302/stubs/_exit.o
 .debug_ranges  0x0000000000000200       0x18 ./FDV32S302/env/init.o
 .debug_ranges  0x0000000000000218       0x18 ./FDV32S302/env/system_phnx04.o
 .debug_ranges  0x0000000000000230       0x70 ./FDV32S302/drivers/efc.o

.debug_macro    0x0000000000000000     0x61f4
 .debug_macro   0x0000000000000000      0x142 ./src/mcuboot/mcuboot.o
 .debug_macro   0x0000000000000142      0x76c ./src/mcuboot/mcuboot.o
 .debug_macro   0x00000000000008ae       0x22 ./src/mcuboot/mcuboot.o
 .debug_macro   0x00000000000008d0       0x8e ./src/mcuboot/mcuboot.o
 .debug_macro   0x000000000000095e       0x51 ./src/mcuboot/mcuboot.o
 .debug_macro   0x00000000000009af       0xef ./src/mcuboot/mcuboot.o
 .debug_macro   0x0000000000000a9e       0x6a ./src/mcuboot/mcuboot.o
 .debug_macro   0x0000000000000b08      0x1df ./src/mcuboot/mcuboot.o
 .debug_macro   0x0000000000000ce7       0x22 ./src/mcuboot/mcuboot.o
 .debug_macro   0x0000000000000d09       0x1c ./src/mcuboot/mcuboot.o
 .debug_macro   0x0000000000000d25       0x58 ./src/mcuboot/mcuboot.o
 .debug_macro   0x0000000000000d7d       0x19 ./src/mcuboot/mcuboot.o
 .debug_macro   0x0000000000000d96       0x34 ./src/mcuboot/mcuboot.o
 .debug_macro   0x0000000000000dca       0x34 ./src/mcuboot/mcuboot.o
 .debug_macro   0x0000000000000dfe      0x174 ./src/mcuboot/mcuboot.o
 .debug_macro   0x0000000000000f72       0x58 ./src/mcuboot/mcuboot.o
 .debug_macro   0x0000000000000fca       0x1f ./src/mcuboot/mcuboot.o
 .debug_macro   0x0000000000000fe9       0x43 ./src/mcuboot/mcuboot.o
 .debug_macro   0x000000000000102c       0x20 ./src/mcuboot/mcuboot.o
 .debug_macro   0x000000000000104c      0x18e ./src/mcuboot/mcuboot.o
 .debug_macro   0x00000000000011da      0x330 ./src/mcuboot/mcuboot.o
 .debug_macro   0x000000000000150a       0x10 ./src/mcuboot/mcuboot.o
 .debug_macro   0x000000000000151a       0x35 ./src/mcuboot/mcuboot.o
 .debug_macro   0x000000000000154f      0x204 ./src/kptl/kptl.o
 .debug_macro   0x0000000000001753       0x52 ./src/kptl/kptl.o
 .debug_macro   0x00000000000017a5       0x94 ./src/kptl/kptl.o
 .debug_macro   0x0000000000001839       0x57 ./src/kptl/kptl.o
 .debug_macro   0x0000000000001890       0x1c ./src/kptl/kptl.o
 .debug_macro   0x00000000000018ac       0x10 ./src/kptl/kptl.o
 .debug_macro   0x00000000000018bc       0x10 ./src/kptl/kptl.o
 .debug_macro   0x00000000000018cc       0x1c ./src/kptl/kptl.o
 .debug_macro   0x00000000000018e8       0x52 ./src/kptl/kptl.o
 .debug_macro   0x000000000000193a       0x40 ./src/kptl/kptl.o
 .debug_macro   0x000000000000197a       0x10 ./src/kptl/kptl.o
 .debug_macro   0x000000000000198a       0x40 ./src/kptl/kptl.o
 .debug_macro   0x00000000000019ca       0xd7 ./src/kptl/kptl.o
 .debug_macro   0x0000000000001aa1       0x1c ./src/kptl/kptl.o
 .debug_macro   0x0000000000001abd       0x3d ./src/kptl/kptl.o
 .debug_macro   0x0000000000001afa       0x16 ./src/kptl/kptl.o
 .debug_macro   0x0000000000001b10      0x16f ./src/kptl/kptl.o
 .debug_macro   0x0000000000001c7f      0x29b ./src/main.o
 .debug_macro   0x0000000000001f1a      0x1a5 ./src/main.o
 .debug_macro   0x00000000000020bf       0x42 ./src/main.o
 .debug_macro   0x0000000000002101      0x119 ./src/main.o
 .debug_macro   0x000000000000221a      0xb55 ./src/main.o
 .debug_macro   0x0000000000002d6f      0x211 ./src/main.o
 .debug_macro   0x0000000000002f80      0x406 ./src/main.o
 .debug_macro   0x0000000000003386       0x5e ./src/main.o
 .debug_macro   0x00000000000033e4      0x114 ./src/main.o
 .debug_macro   0x00000000000034f8      0x2ff ./src/main.o
 .debug_macro   0x00000000000037f7      0x11e ./src/main.o
 .debug_macro   0x0000000000003915      0x530 ./src/main.o
 .debug_macro   0x0000000000003e45      0x10f ./src/main.o
 .debug_macro   0x0000000000003f54       0x52 ./src/main.o
 .debug_macro   0x0000000000003fa6       0x16 ./src/main.o
 .debug_macro   0x0000000000003fbc       0x97 ./src/main.o
 .debug_macro   0x0000000000004053       0xfd ./src/main.o
 .debug_macro   0x0000000000004150       0x16 ./src/main.o
 .debug_macro   0x0000000000004166       0x1c ./src/main.o
 .debug_macro   0x0000000000004182      0x2ee ./FDV32S302/stubs/_exit.o
 .debug_macro   0x0000000000004470       0x10 ./FDV32S302/stubs/_exit.o
 .debug_macro   0x0000000000004480       0xcf ./FDV32S302/stubs/_exit.o
 .debug_macro   0x000000000000454f       0xbe ./FDV32S302/stubs/_exit.o
 .debug_macro   0x000000000000460d      0x51a ./FDV32S302/stubs/_exit.o
 .debug_macro   0x0000000000004b27       0x10 ./FDV32S302/stubs/_exit.o
 .debug_macro   0x0000000000004b37      0x23b ./FDV32S302/stubs/_exit.o
 .debug_macro   0x0000000000004d72       0x10 ./FDV32S302/stubs/_exit.o
 .debug_macro   0x0000000000004d82      0x15a ./FDV32S302/stubs/_exit.o
 .debug_macro   0x0000000000004edc       0x4c ./FDV32S302/stubs/_exit.o
 .debug_macro   0x0000000000004f28       0x16 ./FDV32S302/stubs/_exit.o
 .debug_macro   0x0000000000004f3e       0x10 ./FDV32S302/stubs/_exit.o
 .debug_macro   0x0000000000004f4e       0x41 ./FDV32S302/stubs/_exit.o
 .debug_macro   0x0000000000004f8f      0x122 ./FDV32S302/stubs/_exit.o
 .debug_macro   0x00000000000050b1       0x32 ./FDV32S302/env/init.o
 .debug_macro   0x00000000000050e3       0x62 ./FDV32S302/env/system_phnx04.o
 .debug_macro   0x0000000000005145      0x2f9 ./FDV32S302/env/system_phnx04.o
 .debug_macro   0x000000000000543e      0xb5b ./FDV32S302/env/system_phnx04.o
 .debug_macro   0x0000000000005f99       0x50 ./FDV32S302/drivers/efc.o
 .debug_macro   0x0000000000005fe9      0x20b ./FDV32S302/drivers/efc.o

.debug_line     0x0000000000000000     0x4012
 .debug_line    0x0000000000000000      0xa0d ./src/mcuboot/mcuboot.o
 .debug_line    0x0000000000000a0d      0xf87 ./src/kptl/kptl.o
 .debug_line    0x0000000000001994      0xf05 ./src/main.o
 .debug_line    0x0000000000002899      0x453 ./FDV32S302/stubs/_exit.o
 .debug_line    0x0000000000002cec       0x6d ./FDV32S302/env/entry.o
 .debug_line    0x0000000000002d59      0x154 ./FDV32S302/env/init.o
 .debug_line    0x0000000000002ead       0xd1 ./FDV32S302/env/start.o
 .debug_line    0x0000000000002f7e      0x389 ./FDV32S302/env/system_phnx04.o
 .debug_line    0x0000000000003307      0xd0b ./FDV32S302/drivers/efc.o

.debug_str      0x0000000000000000    0x167e0
 .debug_str     0x0000000000000000     0x67e4 ./src/mcuboot/mcuboot.o
                                       0x6a6e (size before relaxing)
 .debug_str     0x00000000000067e4     0x1476 ./src/kptl/kptl.o
                                       0x7d21 (size before relaxing)
 .debug_str     0x0000000000007c5a     0xc808 ./src/main.o
                                      0x1409c (size before relaxing)
 .debug_str     0x0000000000014462     0x1a7c ./FDV32S302/stubs/_exit.o
                                      0x15503 (size before relaxing)
 .debug_str     0x0000000000015ede       0x25 ./FDV32S302/env/entry.o
                                         0x48 (size before relaxing)
 .debug_str     0x0000000000015f03      0x154 ./FDV32S302/env/init.o
                                       0x38e5 (size before relaxing)
 .debug_str     0x0000000000016057       0x19 ./FDV32S302/env/start.o
                                         0x48 (size before relaxing)
 .debug_str     0x0000000000016070      0x4ed ./FDV32S302/env/system_phnx04.o
                                       0xb59c (size before relaxing)
 .debug_str     0x000000000001655d      0x283 ./FDV32S302/drivers/efc.o
                                       0x58e8 (size before relaxing)

.comment        0x0000000000000000       0x33
 .comment       0x0000000000000000       0x33 ./src/mcuboot/mcuboot.o
                                         0x34 (size before relaxing)
 .comment       0x0000000000000033       0x34 ./src/kptl/kptl.o
 .comment       0x0000000000000033       0x34 ./src/main.o
 .comment       0x0000000000000033       0x34 ./FDV32S302/stubs/_exit.o
 .comment       0x0000000000000033       0x34 ./FDV32S302/env/init.o
 .comment       0x0000000000000033       0x34 ./FDV32S302/env/system_phnx04.o
 .comment       0x0000000000000033       0x34 ./FDV32S302/drivers/efc.o

.debug_frame    0x0000000000000000      0x6bc
 .debug_frame   0x0000000000000000       0xa8 ./src/mcuboot/mcuboot.o
 .debug_frame   0x00000000000000a8      0x198 ./src/kptl/kptl.o
 .debug_frame   0x0000000000000240      0x164 ./src/main.o
 .debug_frame   0x00000000000003a4       0x20 ./FDV32S302/stubs/_exit.o
 .debug_frame   0x00000000000003c4      0x178 ./FDV32S302/env/init.o
 .debug_frame   0x000000000000053c       0x30 ./FDV32S302/env/system_phnx04.o
 .debug_frame   0x000000000000056c       0xf0 ./FDV32S302/drivers/efc.o
 .debug_frame   0x000000000000065c       0x28 d:/eclipse_for_s_link/toolchain/gcc/bin/../lib/gcc/riscv-none-embed/8.2.0/../../../../riscv-none-embed/lib/rv32emac/ilp32e\libg_nano.a(lib_a-exit.o)
 .debug_frame   0x0000000000000684       0x38 d:/eclipse_for_s_link/toolchain/gcc/bin/../lib/gcc/riscv-none-embed/8.2.0/../../../../riscv-none-embed/lib/rv32emac/ilp32e\libg_nano.a(lib_a-memcpy.o)
